../Core/Src/ihm.c:55:6:UpperCase	24	static
../Core/Src/ihm.c:63:6:Start_IHM_Task	16	static
../Core/Src/ihm.c:93:6:HAL_UART_RxCpltCallback	24	static
../Core/Src/ihm.c:185:6:MainMenu	16	static
../Core/Src/ihm.c:200:6:tokenization	32	static
../Core/Src/ihm.c:210:6:ParseCommand	16	static
../Core/Src/ihm.c:236:6:LoraMenu	24	static
../Core/Src/ihm.c:249:6:SetSF_f	24	static
../Core/Src/ihm.c:292:6:GetSF_f	16	static
../Core/Src/ihm.c:298:6:SetCR_f	48	static
../Core/Src/ihm.c:317:6:GetCR_f	16	static
../Core/Src/ihm.c:323:6:SetBW_f	32	static
../Core/Src/ihm.c:342:6:GetBW_f	16	static
../Core/Src/ihm.c:349:6:GPSMenu	24	static
../Core/Src/ihm.c:361:6:SetAltGPS_f	16	static
../Core/Src/ihm.c:364:6:GetAltGPS_f	16	static
../Core/Src/ihm.c:367:6:SetLatGPS_f	16	static
../Core/Src/ihm.c:370:6:GetLatGPS_f	16	static
../Core/Src/ihm.c:373:6:SetTimeGPS_f	16	static
../Core/Src/ihm.c:376:6:GetTimeGPS_f	16	static
../Core/Src/ihm.c:380:6:SensorsMenu	24	static
../Core/Src/ihm.c:393:6:SetSoilTemp_f	24	static
../Core/Src/ihm.c:412:6:GetSoilTemp_f	16	static
../Core/Src/ihm.c:415:6:SetAirTemp_f	24	static
../Core/Src/ihm.c:433:6:GetAirTemp_f	16	static
../Core/Src/ihm.c:436:6:SetRelativeHumidity_f	16	static
../Core/Src/ihm.c:439:6:GetRelativeHumidity_f	16	static
../Core/Src/ihm.c:442:6:SetSoilHumidity_f	16	static
../Core/Src/ihm.c:445:6:GetSoilHumidity_f	16	static
../Core/Src/ihm.c:448:6:SetWindSpeed_f	16	static
../Core/Src/ihm.c:451:6:GetWindSpeed_f	16	static
../Core/Src/ihm.c:454:6:SetRadiation_f	16	static
../Core/Src/ihm.c:457:6:GetRadiation_f	16	static
../Core/Src/ihm.c:460:6:SetKc_f	16	static
../Core/Src/ihm.c:463:6:GetKc_f	16	static
../Core/Src/ihm.c:466:6:SetKp_f	16	static
../Core/Src/ihm.c:469:6:GetKp_f	16	static
../Core/Src/ihm.c:472:6:GetET0_f	16	static
../Core/Src/ihm.c:475:6:SetET0_f	16	static
../Core/Src/ihm.c:478:6:SetAirPressure_f	16	static
../Core/Src/ihm.c:482:6:GetAirPressure_f	16	static
../Core/Src/ihm.c:486:6:SysConfigMenu	24	static
../Core/Src/ihm.c:499:6:Save_f	16	static
../Core/Src/ihm.c:516:6:Restore_f	16	static
