../Core/Src/ihm.c:130:6:UpperCase	24	static
../Core/Src/ihm.c:138:6:Start_IHM_Task	16	static
../Core/Src/ihm.c:168:6:HAL_UART_RxCpltCallback	24	static
../Core/Src/ihm.c:260:6:MainMenu	16	static
../Core/Src/ihm.c:275:6:tokenization	32	static
../Core/Src/ihm.c:285:6:ParseCommand	16	static
../Core/Src/ihm.c:311:6:LoraMenu	24	static
../Core/Src/ihm.c:324:6:SetSF_f	24	static
../Core/Src/ihm.c:365:6:GetSF_f	16	static
../Core/Src/ihm.c:371:6:SetCR_f	48	static
../Core/Src/ihm.c:390:6:GetCR_f	16	static
../Core/Src/ihm.c:396:6:SetBW_f	32	static
../Core/Src/ihm.c:415:6:GetBW_f	16	static
../Core/Src/ihm.c:425:6:GPSMenu	24	static
../Core/Src/ihm.c:438:6:SetAltGPS_f	24	static
../Core/Src/ihm.c:457:6:GetAltGPS_f	32	static
../Core/Src/ihm.c:462:6:SetLatGPS_f	24	static
../Core/Src/ihm.c:481:6:GetLatGPS_f	32	static
../Core/Src/ihm.c:486:6:SetTimeGPS_f	24	static
../Core/Src/ihm.c:505:6:GetTimeGPS_f	16	static
../Core/Src/ihm.c:513:6:SensorsMenu	24	static
../Core/Src/ihm.c:526:6:GetSoilTemp_f	16	static
../Core/Src/ihm.c:532:6:GetAirTemp_f	16	static
../Core/Src/ihm.c:538:6:GetRelativeHumidity_f	16	static
../Core/Src/ihm.c:544:6:GetSoilHumidity_f	16	static
../Core/Src/ihm.c:550:6:GetWindSpeed_f	16	static
../Core/Src/ihm.c:555:6:SetRadiation_f	24	static
../Core/Src/ihm.c:573:6:GetRadiation_f	32	static
../Core/Src/ihm.c:578:6:SetKc_f	24	static
../Core/Src/ihm.c:596:6:GetKc_f	32	static
../Core/Src/ihm.c:601:6:SetKp_f	24	static
../Core/Src/ihm.c:619:6:GetKp_f	32	static
../Core/Src/ihm.c:624:6:SetET0_f	24	static
../Core/Src/ihm.c:642:6:GetET0_f	32	static
../Core/Src/ihm.c:648:6:SetETC_f	24	static
../Core/Src/ihm.c:664:6:GetETC_f	32	static
../Core/Src/ihm.c:670:6:SetETCadj_f	24	static
../Core/Src/ihm.c:686:6:GetETCadj_f	32	static
../Core/Src/ihm.c:692:6:SetAirPressure_f	24	static
../Core/Src/ihm.c:708:6:GetAirPressure_f	32	static
../Core/Src/ihm.c:714:6:SetHeigh_f	24	static
../Core/Src/ihm.c:730:6:GetHeigh_f	32	static
../Core/Src/ihm.c:736:6:SysConfigMenu	24	static
../Core/Src/ihm.c:749:6:Save_f	16	static
../Core/Src/ihm.c:813:6:Restore_f	16	static
