../Core/Src/ihm.c:49:6:UpperCase	24	static
../Core/Src/ihm.c:57:6:Start_IHM_Task	16	static
../Core/Src/ihm.c:85:6:MainMenu	8	static
../Core/Src/ihm.c:111:6:HAL_UART_RxCpltCallback	24	static
../Core/Src/ihm.c:201:6:tokenization	32	static
../Core/Src/ihm.c:211:6:ParseCommand	16	static
../Core/Src/ihm.c:237:6:LoraMenu	16	static
../Core/Src/ihm.c:262:6:SetSF_f	24	static
../Core/Src/ihm.c:283:6:SaveSF_f	16	static
../Core/Src/ihm.c:291:6:GetSF_f	16	static
../Core/Src/ihm.c:297:6:SetCR_f	48	static
../Core/Src/ihm.c:315:6:SaveCR_f	16	static
../Core/Src/ihm.c:322:6:GetCR_f	16	static
../Core/Src/ihm.c:329:6:SetBW_f	32	static
../Core/Src/ihm.c:348:6:GetBW_f	16	static
../Core/Src/ihm.c:356:6:GPSMenu	16	static
../Core/Src/ihm.c:375:6:SetAltGPS_f	16	static
../Core/Src/ihm.c:378:6:GetAltGPS_f	16	static
../Core/Src/ihm.c:381:6:SetLatGPS_f	16	static
../Core/Src/ihm.c:384:6:GetLatGPS_f	16	static
../Core/Src/ihm.c:387:6:SetTimeGPS_f	16	static
../Core/Src/ihm.c:390:6:GetTimeGPS_f	16	static
../Core/Src/ihm.c:394:6:SensorsMenu	16	static
../Core/Src/ihm.c:424:6:SetSoilTemp_f	24	static
../Core/Src/ihm.c:443:6:GetSoilTemp_f	16	static
../Core/Src/ihm.c:446:6:SetAirTemp_f	24	static
../Core/Src/ihm.c:464:6:GetAirTemp_f	16	static
../Core/Src/ihm.c:467:6:SetRelativeHumidity_f	16	static
../Core/Src/ihm.c:470:6:GetRelativeHumidity_f	16	static
../Core/Src/ihm.c:473:6:SetSoilHumidity_f	16	static
../Core/Src/ihm.c:476:6:GetSoilHumidity_f	16	static
../Core/Src/ihm.c:479:6:SetWindSpeed_f	16	static
../Core/Src/ihm.c:482:6:GetWindSpeed_f	16	static
../Core/Src/ihm.c:485:6:SetRadiation_f	16	static
../Core/Src/ihm.c:488:6:GetRadiation_f	16	static
../Core/Src/ihm.c:491:6:SetKc_f	16	static
../Core/Src/ihm.c:494:6:GetKc_f	16	static
../Core/Src/ihm.c:497:6:SetKp_f	16	static
../Core/Src/ihm.c:500:6:GetKp_f	16	static
../Core/Src/ihm.c:503:6:GetET0_f	16	static
../Core/Src/ihm.c:506:6:SetET0_f	16	static
../Core/Src/ihm.c:509:6:SetAirPressure_f	16	static
../Core/Src/ihm.c:513:6:GetAirPressure_f	16	static
