18:04:22 **** Incremental Build of configuration Debug for project Weather_Station ****
make -j8 all 
arm-none-eabi-gcc "../Core/Src/freertos.c" -mcpu=cortex-m4 -std=gnu11 -g3 -DDEBUG -DUSE_HAL_DRIVER -DSTM32L476xx -c -I../Core/Inc -I../Drivers/STM32L4xx_HAL_Driver/Inc -I../Drivers/STM32L4xx_HAL_Driver/Inc/Legacy -I../Middlewares/Third_Party/FreeRTOS/Source/include -I../Middlewares/Third_Party/FreeRTOS/Source/CMSIS_RTOS -I../Middlewares/Third_Party/FreeRTOS/Source/portable/GCC/ARM_CM4F -I../Drivers/CMSIS/Device/ST/STM32L4xx/Include -I../Drivers/CMSIS/Include -O0 -ffunction-sections -fdata-sections -Wall -fstack-usage -fcyclomatic-complexity -MMD -MP -MF"Core/Src/freertos.d" -MT"Core/Src/freertos.o" --specs=nano.specs -mfpu=fpv4-sp-d16 -mfloat-abi=hard -mthumb -o "Core/Src/freertos.o"
arm-none-eabi-gcc -o "Weather_Station.elf" @"objects.list"   -mcpu=cortex-m4 -T"C:\Users\ThinkPad\Desktop\FreeRTOS\freeRTOS_workspace\Weather_Station\STM32L476RGTX_FLASH.ld" --specs=nosys.specs -Wl,-Map="Weather_Station.map" -Wl,--gc-sections -static --specs=nano.specs -mfpu=fpv4-sp-d16 -mfloat-abi=hard -mthumb -Wl,--start-group -lc -lm -Wl,--end-group
Finished building target: Weather_Station.elf
 
arm-none-eabi-size  Weather_Station.elf 
arm-none-eabi-objdump -h -S Weather_Station.elf  > "Weather_Station.list"
   text	   data	    bss	    dec	    hex	filename
  27092	     96	  23328	  50516	   c554	Weather_Station.elf
Finished building: default.size.stdout
 
Finished building: Weather_Station.list
 

18:04:23 Build Finished. 0 errors, 0 warnings. (took 1s.6ms)

