18:02:04 **** Incremental Build of configuration Debug for project ws ****
make -j8 all 
arm-none-eabi-gcc "../Core/Src/stm32l4xx_it.c" -mcpu=cortex-m4 -std=gnu11 -g3 -DDEBUG -DUSE_HAL_DRIVER -DSTM32L476xx -c -I../Core/Inc -I../Drivers/STM32L4xx_HAL_Driver/Inc -I../Drivers/STM32L4xx_HAL_Driver/Inc/Legacy -I../Drivers/CMSIS/Device/ST/STM32L4xx/Include -I../Drivers/CMSIS/Include -I../Middlewares/Third_Party/FreeRTOS/Source/include -I../Middlewares/Third_Party/FreeRTOS/Source/CMSIS_RTOS -I../Middlewares/Third_Party/FreeRTOS/Source/portable/GCC/ARM_CM4F -O0 -ffunction-sections -fdata-sections -Wall -fstack-usage -fcyclomatic-complexity -MMD -MP -MF"Core/Src/stm32l4xx_it.d" -MT"Core/Src/stm32l4xx_it.o" --specs=nano.specs -mfpu=fpv4-sp-d16 -mfloat-abi=hard -mthumb -o "Core/Src/stm32l4xx_it.o"
arm-none-eabi-gcc -o "ws.elf" @"objects.list"   -mcpu=cortex-m4 -T"C:\Users\ThinkPad\Desktop\FreeRTOS\freeRTOS_workspace\ws\STM32L476RGTX_FLASH.ld" --specs=nosys.specs -Wl,-Map="ws.map" -Wl,--gc-sections -static --specs=nano.specs -mfpu=fpv4-sp-d16 -mfloat-abi=hard -mthumb -Wl,--start-group -lc -lm -Wl,--end-group
Finished building target: ws.elf
 
arm-none-eabi-size  ws.elf 
arm-none-eabi-objdump -h -S ws.elf  > "ws.list"
   text	   data	    bss	    dec	    hex	filename
  23432	     16	  17864	  41312	   a160	ws.elf
Finished building: default.size.stdout
 
Finished building: ws.list
 

18:02:05 Build Finished. 0 errors, 0 warnings. (took 919ms)

